
> hireconnect-frontend@0.0.0 test
> ng test

node.exe : Node.js version v23.3.0 detected.
At C:\Program Files\nodejs\npm.ps1:29 char:3
+   & $NODE_EXE $NPM_CLI_JS $args
+   ~~~~~~~~~~~~~~~~~~~~~~~~~~~~~
    + CategoryInfo          : NotSpecified: (Node.js version v23.3.0 detected.:String) [], RemoteException
    + FullyQualifiedErrorId : NativeCommandError
 
Odd numbered Node.js versions will not enter LTS status and should not be used for production. For more information, 
please see https://nodejs.org/en/about/previous-releases/.
ts-jest[config] (WARN) [94mmessage[0m[90m TS151001: [0mIf you have issues related to imports, you should consider 
setting `esModuleInterop` to `true` in your TypeScript configuration file (usually `tsconfig.json`). See https://blogs.
msdn.microsoft.com/typescript/2018/01/31/announcing-typescript-2-7/#easier-ecmascript-module-interoperability for more 
information.
ts-jest[config] (WARN) [94mmessage[0m[90m TS151001: [0mIf you have issues related to imports, you should consider 
setting `esModuleInterop` to `true` in your TypeScript configuration file (usually `tsconfig.json`). See https://blogs.
msdn.microsoft.com/typescript/2018/01/31/announcing-typescript-2-7/#easier-ecmascript-module-interoperability for more 
information.
ts-jest[config] (WARN) [94mmessage[0m[90m TS151001: [0mIf you have issues related to imports, you should consider 
setting `esModuleInterop` to `true` in your TypeScript configuration file (usually `tsconfig.json`). See https://blogs.
msdn.microsoft.com/typescript/2018/01/31/announcing-typescript-2-7/#easier-ecmascript-module-interoperability for more 
information.
(node:4544) [DEP0040] DeprecationWarning: The `punycode` module is deprecated. Please use a userland alternative 
instead.
(Use `node --trace-deprecation ...` to show where the warning was created)
FAIL src/app/pages/auth/login/login.component.spec.ts (6.721 s)
  ΓùÅ Console

    console.log
      Login successful: { user: { role: 'CANDIDATE' } }

      at Object.next (src/app/pages/auth/login/login.component.ts:91:17)

    console.log
      User role: CANDIDATE

      at Object.next (src/app/pages/auth/login/login.component.ts:102:17)

    console.log
      Return URL from query params: undefined

      at Object.next (src/app/pages/auth/login/login.component.ts:103:17)

    console.error
      Login failed: { userMessage: 'Invalid credentials' }

    [0m [90m 127 |[39m       }[33m,[39m
     [90m 128 |[39m       error[33m:[39m (error) [33m=>[39m {
    [31m[1m>[22m[39m[90m 129 |[39m         console[33m.[39merror([32m'Login failed:'[39m[33m,[39m 
error)[33m;[39m
     [90m     |[39m                 [31m[1m^[22m[39m
     [90m 130 |[39m         [36mthis[39m[33m.[39misLoading [33m=[39m [36mfalse[39m[33m;[39m
     [90m 131 |[39m         
     [90m 132 |[39m         [90m// Use enhanced error message from auth service[39m[0m

      at Object.error (src/app/pages/auth/login/login.component.ts:129:17)
      at ConsumerObserver.Object.<anonymous>.ConsumerObserver.error 
(node_modules/rxjs/src/internal/Subscriber.ts:166:25)
      at SafeSubscriber.Object.<anonymous>.Subscriber._error (node_modules/rxjs/src/internal/Subscriber.ts:118:24)
      at SafeSubscriber.Object.<anonymous>.Subscriber.error (node_modules/rxjs/src/internal/Subscriber.ts:86:12)
      at Observable.init [as _subscribe] (node_modules/rxjs/src/internal/observable/throwError.ts:123:62)
      at Observable.Object.<anonymous>.Observable._trySubscribe (node_modules/rxjs/src/internal/Observable.ts:235:19)
      at node_modules/rxjs/src/internal/Observable.ts:225:18
      at Object.errorContext (node_modules/rxjs/src/internal/util/errorContext.ts:29:5)
      at Observable.Object.<anonymous>.Observable.subscribe (node_modules/rxjs/src/internal/Observable.ts:211:5)
      at LoginComponent.onSubmit (src/app/pages/auth/login/login.component.ts:89:41)
      at src/app/pages/auth/login/login.component.spec.ts:100:15
      at _ZoneDelegate.invoke (node_modules/zone.js/bundles/zone.umd.js:416:32)
      at ProxyZoneSpec.Object.<anonymous>.ProxyZoneSpec.onInvoke 
(node_modules/zone.js/bundles/zone-testing.umd.js:2176:43)
      at _ZoneDelegate.invoke (node_modules/zone.js/bundles/zone.umd.js:415:38)
      at ZoneImpl.run (node_modules/zone.js/bundles/zone.umd.js:147:47)
      at Object.wrappedFunc (node_modules/zone.js/bundles/zone-testing.umd.js:450:38)

    console.error
      Error message: Invalid credentials

    [0m [90m 135 |[39m                            [32m'Login failed. Please check your 
credentials.'[39m[33m;[39m
     [90m 136 |[39m         
    [31m[1m>[22m[39m[90m 137 |[39m         console[33m.[39merror([32m'Error message:'[39m[33m,[39m 
errorMessage)[33m;[39m
     [90m     |[39m                 [31m[1m^[22m[39m
     [90m 138 |[39m         [36mthis[39m[33m.[39msnackBar[33m.[39mopen(
     [90m 139 |[39m           errorMessage[33m,[39m
     [90m 140 |[39m           [32m'Close'[39m[33m,[39m[0m

      at Object.error (src/app/pages/auth/login/login.component.ts:137:17)
      at ConsumerObserver.Object.<anonymous>.ConsumerObserver.error 
(node_modules/rxjs/src/internal/Subscriber.ts:166:25)
      at SafeSubscriber.Object.<anonymous>.Subscriber._error (node_modules/rxjs/src/internal/Subscriber.ts:118:24)
      at SafeSubscriber.Object.<anonymous>.Subscriber.error (node_modules/rxjs/src/internal/Subscriber.ts:86:12)
      at Observable.init [as _subscribe] (node_modules/rxjs/src/internal/observable/throwError.ts:123:62)
      at Observable.Object.<anonymous>.Observable._trySubscribe (node_modules/rxjs/src/internal/Observable.ts:235:19)
      at node_modules/rxjs/src/internal/Observable.ts:225:18
      at Object.errorContext (node_modules/rxjs/src/internal/util/errorContext.ts:29:5)
      at Observable.Object.<anonymous>.Observable.subscribe (node_modules/rxjs/src/internal/Observable.ts:211:5)
      at LoginComponent.onSubmit (src/app/pages/auth/login/login.component.ts:89:41)
      at src/app/pages/auth/login/login.component.spec.ts:100:15
      at _ZoneDelegate.invoke (node_modules/zone.js/bundles/zone.umd.js:416:32)
      at ProxyZoneSpec.Object.<anonymous>.ProxyZoneSpec.onInvoke 
(node_modules/zone.js/bundles/zone-testing.umd.js:2176:43)
      at _ZoneDelegate.invoke (node_modules/zone.js/bundles/zone.umd.js:415:38)
      at ZoneImpl.run (node_modules/zone.js/bundles/zone.umd.js:147:47)
      at Object.wrappedFunc (node_modules/zone.js/bundles/zone-testing.umd.js:450:38)

  ΓùÅ LoginComponent Isolated Unit Test ΓÇ║ should have invalid form when empty

    expect(received).toBeFalsy()

    Received: true

    [0m [90m 60 |[39m
     [90m 61 |[39m   it([32m'should have invalid form when empty'[39m[33m,[39m () [33m=>[39m {
    [31m[1m>[22m[39m[90m 62 |[39m     
expect(component[33m.[39mloginForm[33m.[39mvalid)[33m.[39mtoBeFalsy()[33m;[39m
     [90m    |[39m                                       [31m[1m^[22m[39m
     [90m 63 |[39m   })[33m;[39m
     [90m 64 |[39m
     [90m 65 |[39m   it([32m'should not call authService.login if form is invalid'[39m[33m,[39m () [33m=>[39m 
{[0m

      at src/app/pages/auth/login/login.component.spec.ts:62:39
      at _ZoneDelegate.invoke (node_modules/zone.js/bundles/zone.umd.js:416:32)
      at ProxyZoneSpec.Object.<anonymous>.ProxyZoneSpec.onInvoke 
(node_modules/zone.js/bundles/zone-testing.umd.js:2176:43)
      at _ZoneDelegate.invoke (node_modules/zone.js/bundles/zone.umd.js:415:38)
      at ZoneImpl.run (node_modules/zone.js/bundles/zone.umd.js:147:47)
      at Object.wrappedFunc (node_modules/zone.js/bundles/zone-testing.umd.js:450:38)

  ΓùÅ LoginComponent Isolated Unit Test ΓÇ║ should not call authService.login if form is invalid

    TypeError: Cannot read properties of undefined (reading 'subscribe')

    [0m [90m 87 |[39m     }[33m;[39m
     [90m 88 |[39m
    [31m[1m>[22m[39m[90m 89 |[39m     
[36mthis[39m[33m.[39mauthService[33m.[39mlogin(credentials)[33m.[39msubscribe({
     [90m    |[39m                                        [31m[1m^[22m[39m
     [90m 90 |[39m       next[33m:[39m (response) [33m=>[39m {
     [90m 91 |[39m         console[33m.[39mlog([32m'Login successful:'[39m[33m,[39m response)[33m;[39m
     [90m 92 |[39m         [36mthis[39m[33m.[39misLoading [33m=[39m [36mfalse[39m[33m;[39m[0m

      at LoginComponent.onSubmit (src/app/pages/auth/login/login.component.ts:89:40)
      at src/app/pages/auth/login/login.component.spec.ts:66:15
      at _ZoneDelegate.invoke (node_modules/zone.js/bundles/zone.umd.js:416:32)
      at ProxyZoneSpec.Object.<anonymous>.ProxyZoneSpec.onInvoke 
(node_modules/zone.js/bundles/zone-testing.umd.js:2176:43)
      at _ZoneDelegate.invoke (node_modules/zone.js/bundles/zone.umd.js:415:38)
      at ZoneImpl.run (node_modules/zone.js/bundles/zone.umd.js:147:47)
      at Object.wrappedFunc (node_modules/zone.js/bundles/zone-testing.umd.js:450:38)

(node:1592) [DEP0040] DeprecationWarning: The `punycode` module is deprecated. Please use a userland alternative 
instead.
(Use `node --trace-deprecation ...` to show where the warning was created)
PASS src/app/pages/public/browse-jobs/browse-jobs.component.spec.ts (6.999 s)
(node:6340) [DEP0040] DeprecationWarning: The `punycode` module is deprecated. Please use a userland alternative 
instead.
(Use `node --trace-deprecation ...` to show where the warning was created)
PASS src/app/pages/admin/dashboard/dashboard.component.spec.ts (7.124 s)
PASS src/app/core/services/auth.service.spec.ts
  ΓùÅ Console

    console.log
      Attempting login to: http://localhost:8080/auth/login

      at AuthService.login (src/app/core/services/auth.service.ts:80:13)

PASS src/app/pages/candidate/dashboard/dashboard.component.spec.ts
PASS src/app/pages/recruiter/dashboard/dashboard.component.spec.ts

Test Suites: 1 failed, 5 passed, 6 total
Tests:       2 failed, 26 passed, 28 total
Snapshots:   0 total
Time:        15.05 s
Ran all test suites.
